-- This file and its contents are licensed under the Timescale License.
-- Please see the included NOTICE for copyright information and
-- LICENSE-TIMESCALE for a copy of the license.
\set ON_ERROR_STOP 0
\set VERBOSITY default
CREATE TABLE conditions(
  day DATE NOT NULL,
  city text NOT NULL,
  temperature INT NOT NULL,
device_id int NOT NULL);
SELECT create_hypertable(
  'conditions', 'day',
  chunk_time_interval => INTERVAL '1 day'
);
    create_hypertable    
-------------------------
 (1,public,conditions,t)
(1 row)

INSERT INTO conditions (day, city, temperature, device_id) VALUES
  ('2021-06-14', 'Moscow', 26,1),
  ('2021-06-15', 'Moscow', 22,2),
  ('2021-06-16', 'Moscow', 24,3),
  ('2021-06-17', 'Moscow', 24,4),
  ('2021-06-18', 'Moscow', 27,4),
  ('2021-06-19', 'Moscow', 28,4),
  ('2021-06-20', 'Moscow', 30,1),
  ('2021-06-21', 'Moscow', 31,1),
  ('2021-06-22', 'Moscow', 34,1),
  ('2021-06-23', 'Moscow', 34,2),
  ('2021-06-24', 'Moscow', 34,2),
  ('2021-06-25', 'Moscow', 32,3),
  ('2021-06-26', 'Moscow', 32,3),
  ('2021-06-27', 'Moscow', 31,3);
CREATE TABLE conditions_dup AS SELECT * FROM conditions;
SELECT create_hypertable(
  'conditions_dup', 'day',
  chunk_time_interval => INTERVAL '1 day',
  migrate_data => true
);
NOTICE:  adding not-null constraint to column "day"
DETAIL:  Time dimensions cannot have NULL values.
NOTICE:  migrating data to chunks
DETAIL:  Migration might take a while depending on the amount of data.
      create_hypertable      
-----------------------------
 (2,public,conditions_dup,t)
(1 row)

CREATE TABLE devices ( device_id int not null, name text, location text);
INSERT INTO devices values (1, 'thermo_1', 'Moscow'), (2, 'thermo_2', 'Berlin'),(3, 'thermo_3', 'London'),(4, 'thermo_4', 'Stockholm');
CREATE TABLE devices_dup AS SELECT * FROM devices;
CREATE VIEW devices_view AS SELECT * FROM devices;
--Create a cagg with join between a hypertable and a normal table
-- with equality condition on inner join type and realtime aggregation enabled
CREATE MATERIALIZED VIEW conditions_summary_daily_realtime
WITH (timescaledb.continuous, timescaledb.materialized_only = FALSE) AS
SELECT time_bucket(INTERVAL '1 day', day) AS bucket,
   AVG(temperature),
   MAX(temperature),
   MIN(temperature),
   name
FROM conditions, devices
WHERE conditions.device_id = devices.device_id
GROUP BY name, bucket;
NOTICE:  refreshing continuous aggregate "conditions_summary_daily_realtime"
HINT:  Use WITH NO DATA if you do not want to refresh the continuous aggregate on creation.
\d+ conditions_summary_daily_realtime
              View "public.conditions_summary_daily_realtime"
 Column |  Type   | Collation | Nullable | Default | Storage  | Description 
--------+---------+-----------+----------+---------+----------+-------------
 bucket | date    |           |          |         | plain    | 
 avg    | numeric |           |          |         | main     | 
 max    | integer |           |          |         | plain    | 
 min    | integer |           |          |         | plain    | 
 name   | text    |           |          |         | extended | 
View definition:
 SELECT _materialized_hypertable_3.bucket,
    _materialized_hypertable_3.avg,
    _materialized_hypertable_3.max,
    _materialized_hypertable_3.min,
    _materialized_hypertable_3.name
   FROM _timescaledb_internal._materialized_hypertable_3 _materialized_hypertable_3
  WHERE _materialized_hypertable_3.bucket < COALESCE(_timescaledb_internal.to_date(_timescaledb_internal.cagg_watermark(3)), '-infinity'::date)
UNION ALL
 SELECT time_bucket('@ 1 day'::interval, conditions.day) AS bucket,
    avg(conditions.temperature) AS avg,
    max(conditions.temperature) AS max,
    min(conditions.temperature) AS min,
    devices.name
   FROM conditions,
    devices
  WHERE conditions.device_id = devices.device_id AND conditions.day >= COALESCE(_timescaledb_internal.to_date(_timescaledb_internal.cagg_watermark(3)), '-infinity'::date)
  GROUP BY devices.name, (time_bucket('@ 1 day'::interval, conditions.day));

INSERT INTO conditions (day, city, temperature, device_id) VALUES
  ('2021-06-30', 'Moscow', 28, 3);
SELECT *
FROM conditions_summary_daily_realtime
ORDER BY bucket;
   bucket   |         avg         | max | min |   name   
------------+---------------------+-----+-----+----------
 06-14-2021 | 26.0000000000000000 |  26 |  26 | thermo_1
 06-15-2021 | 22.0000000000000000 |  22 |  22 | thermo_2
 06-16-2021 | 24.0000000000000000 |  24 |  24 | thermo_3
 06-17-2021 | 24.0000000000000000 |  24 |  24 | thermo_4
 06-18-2021 | 27.0000000000000000 |  27 |  27 | thermo_4
 06-19-2021 | 28.0000000000000000 |  28 |  28 | thermo_4
 06-20-2021 | 30.0000000000000000 |  30 |  30 | thermo_1
 06-21-2021 | 31.0000000000000000 |  31 |  31 | thermo_1
 06-22-2021 | 34.0000000000000000 |  34 |  34 | thermo_1
 06-23-2021 | 34.0000000000000000 |  34 |  34 | thermo_2
 06-24-2021 | 34.0000000000000000 |  34 |  34 | thermo_2
 06-25-2021 | 32.0000000000000000 |  32 |  32 | thermo_3
 06-26-2021 | 32.0000000000000000 |  32 |  32 | thermo_3
 06-27-2021 | 31.0000000000000000 |  31 |  31 | thermo_3
 06-30-2021 | 28.0000000000000000 |  28 |  28 | thermo_3
(15 rows)

--Create a cagg with join between a hypertable and a normal table
-- with equality condition on inner join type and realtime aggregation enabled
-- with a different order in the from clause
CREATE MATERIALIZED VIEW conditions_summary_daily_realtime_reorder
WITH (timescaledb.continuous, timescaledb.materialized_only = FALSE) AS
SELECT time_bucket(INTERVAL '1 day', day) AS bucket,
   AVG(temperature),
   MAX(temperature),
   MIN(temperature),
   name
FROM devices, conditions
WHERE conditions.device_id = devices.device_id
GROUP BY name, bucket;
NOTICE:  refreshing continuous aggregate "conditions_summary_daily_realtime_reorder"
HINT:  Use WITH NO DATA if you do not want to refresh the continuous aggregate on creation.
\d+ conditions_summary_daily_realtime_reorder
          View "public.conditions_summary_daily_realtime_reorder"
 Column |  Type   | Collation | Nullable | Default | Storage  | Description 
--------+---------+-----------+----------+---------+----------+-------------
 bucket | date    |           |          |         | plain    | 
 avg    | numeric |           |          |         | main     | 
 max    | integer |           |          |         | plain    | 
 min    | integer |           |          |         | plain    | 
 name   | text    |           |          |         | extended | 
View definition:
 SELECT _materialized_hypertable_4.bucket,
    _materialized_hypertable_4.avg,
    _materialized_hypertable_4.max,
    _materialized_hypertable_4.min,
    _materialized_hypertable_4.name
   FROM _timescaledb_internal._materialized_hypertable_4 _materialized_hypertable_4
  WHERE _materialized_hypertable_4.bucket < COALESCE(_timescaledb_internal.to_date(_timescaledb_internal.cagg_watermark(4)), '-infinity'::date)
UNION ALL
 SELECT time_bucket('@ 1 day'::interval, conditions.day) AS bucket,
    avg(conditions.temperature) AS avg,
    max(conditions.temperature) AS max,
    min(conditions.temperature) AS min,
    devices.name
   FROM devices,
    conditions
  WHERE conditions.device_id = devices.device_id AND conditions.day >= COALESCE(_timescaledb_internal.to_date(_timescaledb_internal.cagg_watermark(4)), '-infinity'::date)
  GROUP BY devices.name, (time_bucket('@ 1 day'::interval, conditions.day));

INSERT INTO conditions (day, city, temperature, device_id) VALUES
  ('2021-07-01', 'Moscow', 28, 3);
SELECT *
FROM conditions_summary_daily_realtime_reorder
ORDER BY bucket;
   bucket   |         avg         | max | min |   name   
------------+---------------------+-----+-----+----------
 06-14-2021 | 26.0000000000000000 |  26 |  26 | thermo_1
 06-15-2021 | 22.0000000000000000 |  22 |  22 | thermo_2
 06-16-2021 | 24.0000000000000000 |  24 |  24 | thermo_3
 06-17-2021 | 24.0000000000000000 |  24 |  24 | thermo_4
 06-18-2021 | 27.0000000000000000 |  27 |  27 | thermo_4
 06-19-2021 | 28.0000000000000000 |  28 |  28 | thermo_4
 06-20-2021 | 30.0000000000000000 |  30 |  30 | thermo_1
 06-21-2021 | 31.0000000000000000 |  31 |  31 | thermo_1
 06-22-2021 | 34.0000000000000000 |  34 |  34 | thermo_1
 06-23-2021 | 34.0000000000000000 |  34 |  34 | thermo_2
 06-24-2021 | 34.0000000000000000 |  34 |  34 | thermo_2
 06-25-2021 | 32.0000000000000000 |  32 |  32 | thermo_3
 06-26-2021 | 32.0000000000000000 |  32 |  32 | thermo_3
 06-27-2021 | 31.0000000000000000 |  31 |  31 | thermo_3
 06-30-2021 | 28.0000000000000000 |  28 |  28 | thermo_3
 07-01-2021 | 28.0000000000000000 |  28 |  28 | thermo_3
(16 rows)

--Create a cagg with join between a hypertable and a normal table
-- with equality condition on inner join type and realtime aggregation disabled
CREATE MATERIALIZED VIEW conditions_summary_daily
WITH (timescaledb.continuous, timescaledb.materialized_only = TRUE) AS
SELECT time_bucket(INTERVAL '1 day', day) AS bucket,
   AVG(temperature),
   MAX(temperature),
   MIN(temperature),
   name
FROM conditions, devices
WHERE conditions.device_id = devices.device_id
GROUP BY name, bucket;
NOTICE:  refreshing continuous aggregate "conditions_summary_daily"
HINT:  Use WITH NO DATA if you do not want to refresh the continuous aggregate on creation.
CREATE MATERIALIZED VIEW conditions_summary_daily_reorder
WITH (timescaledb.continuous, timescaledb.materialized_only = TRUE) AS
SELECT time_bucket(INTERVAL '1 day', day) AS bucket,
   AVG(temperature),
   MAX(temperature),
   MIN(temperature),
   name
FROM devices, conditions
WHERE conditions.device_id = devices.device_id
GROUP BY name, bucket;
NOTICE:  refreshing continuous aggregate "conditions_summary_daily_reorder"
HINT:  Use WITH NO DATA if you do not want to refresh the continuous aggregate on creation.
CREATE MATERIALIZED VIEW conditions_summary_daily_2
WITH (timescaledb.continuous) AS
SELECT time_bucket(INTERVAL '1 day', day) AS bucket,
   AVG(temperature),
   MAX(temperature),
   MIN(temperature),
   name
FROM conditions JOIN devices ON conditions.device_id = devices.device_id
GROUP BY name, bucket;
NOTICE:  refreshing continuous aggregate "conditions_summary_daily_2"
HINT:  Use WITH NO DATA if you do not want to refresh the continuous aggregate on creation.
CREATE MATERIALIZED VIEW conditions_summary_daily_2_reorder
WITH (timescaledb.continuous) AS
SELECT time_bucket(INTERVAL '1 day', day) AS bucket,
   AVG(temperature),
   MAX(temperature),
   MIN(temperature),
   name
FROM devices JOIN conditions ON conditions.device_id = devices.device_id
GROUP BY name, bucket;
ERROR:  time bucket function must reference a hypertable dimension column
CREATE MATERIALIZED VIEW conditions_summary_daily_3
WITH (timescaledb.continuous) AS
SELECT time_bucket(INTERVAL '1 day', day) AS bucket,
   AVG(temperature),
   MAX(temperature),
   MIN(temperature),
   name
FROM devices JOIN conditions USING (device_id)
GROUP BY name, bucket;
ERROR:  invalid continuous aggregate view
DETAIL:  joins with using clause in continuous aggregate definition work for Postgres versions 13 and above
CREATE MATERIALIZED VIEW conditions_summary_daily_3_reorder
WITH (timescaledb.continuous) AS
SELECT time_bucket(INTERVAL '1 day', day) AS bucket,
   AVG(temperature),
   MAX(temperature),
   MIN(temperature),
   name
FROM conditions JOIN devices USING (device_id)
GROUP BY name, bucket;
ERROR:  invalid continuous aggregate view
DETAIL:  joins with using clause in continuous aggregate definition work for Postgres versions 13 and above
--Error out for old format cagg definition
CREATE MATERIALIZED VIEW conditions_summary_daily_cagg
WITH (timescaledb.continuous, timescaledb.materialized_only = TRUE, timescaledb.finalized = FALSE) AS
SELECT time_bucket(INTERVAL '1 day', day) AS bucket,
   AVG(temperature),
   MAX(temperature),
   MIN(temperature),
   devices.device_id device_id,
   name
FROM conditions, devices
WHERE conditions.device_id = devices.device_id
GROUP BY name, bucket, devices.device_id;
ERROR:  old format of continuous aggregate is not supported with joins
HINT:  set timescaledb.finalized to TRUE
CREATE MATERIALIZED VIEW conditions_summary_daily_cagg
WITH (timescaledb.continuous, timescaledb.materialized_only = TRUE, timescaledb.finalized = FALSE) AS
SELECT time_bucket(INTERVAL '1 day', day) AS bucket,
   AVG(temperature),
   MAX(temperature),
   MIN(temperature),
   devices.device_id device_id,
   name
FROM conditions JOIN devices
ON conditions.device_id = devices.device_id
GROUP BY name, bucket, devices.device_id;
ERROR:  old format of continuous aggregate is not supported with joins
HINT:  set timescaledb.finalized to TRUE
CREATE  TABLE mat_t1( a integer, b integer,c TEXT);
-- Error out LATERAL multiple tables old format
CREATE MATERIALIZED VIEW mat_m1 WITH (timescaledb.continuous, timescaledb.finalized = false)
as
select temperature, count(*) from conditions,
LATERAL (Select * from mat_t1 where a = conditions.temperature) q
group by temperature WITH NO DATA;
ERROR:  old format of continuous aggregate is not supported with joins
HINT:  set timescaledb.finalized to TRUE
-- Error out for LATERAL multiple tables in new format
CREATE MATERIALIZED VIEW mat_m1 WITH (timescaledb.continuous)
as
select temperature, count(*) from conditions,
LATERAL (Select * from mat_t1 where a = conditions.temperature) q
group by temperature WITH NO DATA;
ERROR:  invalid continuous aggregate view
DETAIL:  from clause can only have one hypertable and one normal table
--Error out if from clause has view
CREATE MATERIALIZED VIEW conditions_summary_daily_view
WITH (timescaledb.continuous, timescaledb.materialized_only = TRUE) AS
SELECT time_bucket(INTERVAL '1 day', day) AS bucket,
   AVG(temperature),
   MAX(temperature),
   MIN(temperature),
   devices_view.device_id,
   name
FROM conditions, devices_view
WHERE conditions.device_id = devices_view.device_id
GROUP BY name, bucket, devices_view.device_id;
ERROR:  joins for hierarchical continuous aggregates are not supported
-- Nested CAgg over a CAgg with join
CREATE MATERIALIZED VIEW cagg_on_cagg
WITH (timescaledb.continuous, timescaledb.materialized_only=true) AS
SELECT time_bucket(INTERVAL '1 day', bucket) AS bucket,
       SUM(avg) AS temperature
FROM conditions_summary_daily
GROUP BY 1;
NOTICE:  refreshing continuous aggregate "cagg_on_cagg"
HINT:  Use WITH NO DATA if you do not want to refresh the continuous aggregate on creation.
\set VERBOSITY terse
DROP MATERIALIZED VIEW cagg_on_cagg CASCADE;
NOTICE:  drop cascades to 2 other objects
\set VERBOSITY default
CREATE TABLE cities(name text, currency text);
INSERT INTO cities VALUES ('Berlin', 'EUR'), ('London', 'PND');
--Error out when from clause has sub selects
CREATE MATERIALIZED VIEW conditions_summary_subselect
WITH (timescaledb.continuous, timescaledb.materialized_only = TRUE) AS
SELECT time_bucket(INTERVAL '1 day', day) AS bucket,
   AVG(temperature),
   MAX(temperature),
   MIN(temperature),
   name
FROM conditions JOIN (SELECT * FROM devices WHERE location in (SELECT name from cities where currency = 'EUR')) dev ON conditions.device_id = dev.device_id
GROUP BY name, bucket;
ERROR:  invalid continuous aggregate view
DETAIL:  from clause can only have one hypertable and one normal table
DROP TABLE cities CASCADE;
--Error out when join is between two hypertables
CREATE MATERIALIZED VIEW conditions_summary_daily_ht
WITH (timescaledb.continuous, timescaledb.materialized_only = TRUE) AS
SELECT time_bucket(INTERVAL '1 day', conditions.day) AS bucket,
   AVG(conditions.temperature),
   MAX(conditions.temperature),
   MIN(conditions.temperature)
FROM conditions, conditions_dup
WHERE conditions.device_id = conditions_dup.device_id
GROUP BY bucket;
ERROR:  invalid continuous aggregate view
DETAIL:  from clause can only have one hypertable and one normal table
--Error out when join is between two normal tables
CREATE MATERIALIZED VIEW conditions_summary_daily_nt
WITH (timescaledb.continuous, timescaledb.materialized_only = TRUE) AS
SELECT AVG(devices.device_id),
   MAX(devices.device_id),
   MIN(devices.device_id),
   devices.name,
   devices.location
FROM devices, devices_dup
WHERE devices.device_id = devices_dup.device_id
GROUP BY devices.name, devices.location;
ERROR:  invalid continuous aggregate view
DETAIL:  from clause can only have one hypertable and one normal table
--Error out when join is on non-equality condition
CREATE MATERIALIZED VIEW conditions_summary_daily_unequal
WITH (timescaledb.continuous, timescaledb.materialized_only = TRUE) AS
SELECT time_bucket(INTERVAL '1 day', day) AS bucket,
   AVG(temperature),
   MAX(temperature),
   MIN(temperature),
   name
FROM conditions, devices
WHERE conditions.device_id <> devices.device_id
GROUP BY name, bucket;
ERROR:  invalid continuous aggregate view
DETAIL:  only equality conditions are supported in continuous aggregates
--Unsupported join condition
CREATE MATERIALIZED VIEW conditions_summary_daily_unequal
WITH (timescaledb.continuous, timescaledb.materialized_only = TRUE) AS
SELECT time_bucket(INTERVAL '1 day', day) AS bucket,
   AVG(temperature),
   MAX(temperature),
   MIN(temperature),
   name
FROM conditions, devices
WHERE conditions.device_id = devices.device_id AND
      conditions.city like '%cow*'
GROUP BY name, bucket;
ERROR:  invalid continuous aggregate view
DETAIL:  unsupported expression in join clause
HINT:  only equality condition is supported
--Unsupported join condition
CREATE MATERIALIZED VIEW conditions_summary_daily_unequal
WITH (timescaledb.continuous, timescaledb.materialized_only = TRUE) AS
SELECT time_bucket(INTERVAL '1 day', day) AS bucket,
   AVG(temperature),
   MAX(temperature),
   MIN(temperature),
   name
FROM conditions, devices
WHERE conditions.device_id = devices.device_id OR
      conditions.city like '%cow*'
GROUP BY name, bucket;
ERROR:  invalid continuous aggregate view
DETAIL:  unsupported expression in join clause
HINT:  only equality condition is supported
--Error out when join type is not inner
CREATE MATERIALIZED VIEW conditions_summary_daily_outer
WITH (timescaledb.continuous, timescaledb.materialized_only = TRUE) AS
SELECT time_bucket(INTERVAL '1 day', day) AS bucket,
   AVG(temperature),
   MAX(temperature),
   MIN(temperature),
   name
FROM conditions FULL JOIN devices
ON conditions.device_id = devices.device_id
GROUP BY name, bucket;
ERROR:  only inner joins are supported in continuous aggregates
CREATE MATERIALIZED VIEW conditions_summary_daily_cagg
WITH (timescaledb.continuous, timescaledb.materialized_only = TRUE) AS
SELECT time_bucket(INTERVAL '1 day', day) AS bucket,
   AVG(temperature),
   MAX(temperature),
   MIN(temperature),
   devices.device_id device_id,
   name
FROM conditions, devices
WHERE conditions.device_id = devices.device_id
GROUP BY name, bucket, devices.device_id;
NOTICE:  refreshing continuous aggregate "conditions_summary_daily_cagg"
HINT:  Use WITH NO DATA if you do not want to refresh the continuous aggregate on creation.
--Errors out for join between cagg and normal table
CREATE MATERIALIZED VIEW conditions_summary_daily_nested
WITH (timescaledb.continuous, timescaledb.materialized_only = TRUE) AS
SELECT time_bucket(INTERVAL '1 day', cagg.bucket) AS bucket,
   devices.name
FROM conditions_summary_daily_cagg cagg, devices
WHERE cagg.device_id = devices.device_id
GROUP BY devices.name, bucket;
ERROR:  joins for hierarchical continuous aggregates are not supported
--Error out for join between cagg and hypertable
CREATE MATERIALIZED VIEW conditions_summary_daily_nested
WITH (timescaledb.continuous, timescaledb.materialized_only = TRUE) AS
SELECT time_bucket(INTERVAL '1 day', cagg.bucket) AS bucket,
   cagg.name,
   conditions.temperature
FROM conditions_summary_daily_cagg cagg, conditions
WHERE cagg.device_id = conditions.device_id
GROUP BY conditions.temperature, bucket, cagg.name;
ERROR:  joins for hierarchical continuous aggregates are not supported
\set VERBOSITY terse
DROP TABLE conditions CASCADE;
NOTICE:  drop cascades to 15 other objects
NOTICE:  drop cascades to 2 other objects
NOTICE:  drop cascades to 2 other objects
NOTICE:  drop cascades to 2 other objects
NOTICE:  drop cascades to 2 other objects
NOTICE:  drop cascades to 2 other objects
NOTICE:  drop cascades to 2 other objects
DROP TABLE devices CASCADE;
NOTICE:  drop cascades to view devices_view
DROP TABLE conditions_dup CASCADE;
DROP TABLE devices_dup CASCADE;
