-- This file and its contents are licensed under the Timescale License.
-- Please see the included NOTICE for copyright information and
-- LICENSE-TIMESCALE for a copy of the license.
-- Test distributed COPY with text/binary format for input and for data transfer
-- to data nodes.
\c :TEST_DBNAME :ROLE_CLUSTER_SUPERUSER;
\set DN_DBNAME_1 :TEST_DBNAME _1
\set DN_DBNAME_2 :TEST_DBNAME _2
\set DN_DBNAME_3 :TEST_DBNAME _3
SELECT 1 FROM add_data_node('data_node_1', host => 'localhost',
                            database => :'DN_DBNAME_1');
 ?column? 
----------
        1
(1 row)

SELECT 1 FROM add_data_node('data_node_2', host => 'localhost',
                            database => :'DN_DBNAME_2');
 ?column? 
----------
        1
(1 row)

SELECT 1 FROM add_data_node('data_node_3', host => 'localhost',
                            database => :'DN_DBNAME_3');
 ?column? 
----------
        1
(1 row)

GRANT USAGE ON FOREIGN SERVER data_node_1, data_node_2, data_node_3 TO PUBLIC;
-- though user on access node has required GRANTS, this will propagate GRANTS to the connected data nodes
GRANT CREATE ON SCHEMA public TO :ROLE_1;
-- buffer a lot of rows per message to test buffer expansion
ALTER FOREIGN DATA WRAPPER timescaledb_fdw OPTIONS (ADD copy_rows_per_message '1000');
SET ROLE :ROLE_1;
-- Aim to about 100 partitions, the data is from 1995 to 2022.
create table uk_price_paid(price integer, "date" date, postcode1 text, postcode2 text, type smallint, is_new bool, duration smallint, addr1 text, addr2 text, street text, locality text, town text, district text, country text, category smallint);
select create_distributed_hypertable('uk_price_paid', 'date', 'postcode2',
    chunk_time_interval => interval '270 day');
NOTICE:  adding not-null constraint to column "date"
 create_distributed_hypertable 
-------------------------------
 (1,public,uk_price_paid,t)
(1 row)

-- Populate.
\copy uk_price_paid from program 'zcat < data/prices-10k-random-1.tsv.gz';
select count(*), sum(price), sum(price) / count(*) from uk_price_paid;
 count |    sum     | ?column? 
-------+------------+----------
 10000 | 2055688013 |   205568
(1 row)

select count(*) from show_chunks('uk_price_paid');
 count 
-------
   114
(1 row)

-- Make binary file.
\copy (select * from uk_price_paid) to 'prices-10k.pgbinary' with (format binary);
-- Binary input with binary data transfer.
set timescaledb.enable_connection_binary_data = true;
set timescaledb.dist_copy_transfer_format = 'binary';
create table uk_price_paid_bin(like uk_price_paid);
select create_distributed_hypertable('uk_price_paid_bin', 'date', 'postcode2',
    chunk_time_interval => interval '90 day', replication_factor => 2);
 create_distributed_hypertable  
--------------------------------
 (2,public,uk_price_paid_bin,t)
(1 row)

\copy uk_price_paid_bin from 'prices-10k.pgbinary' with (format binary);
select count(*), sum(price), sum(price) / count(*) from uk_price_paid_bin;
 count |    sum     | ?column? 
-------+------------+----------
 10000 | 2055688013 |   205568
(1 row)

-- Text input with explicit format option and binary data transfer.
\copy uk_price_paid_bin from program 'zcat < data/prices-10k-random-1.tsv.gz' with (format text);
select count(*), sum(price), sum(price) / count(*) from uk_price_paid_bin;
 count |    sum     | ?column? 
-------+------------+----------
 20000 | 4111376026 |   205568
(1 row)

-- Binary input with text data transfer. Doesn't work.
set timescaledb.dist_copy_transfer_format = 'text';
\set ON_ERROR_STOP off
\copy uk_price_paid_bin from 'prices-10k.pgbinary' with (format binary);
ERROR:  remote copy does not support binary input in combination with text transfer to data nodes
\set ON_ERROR_STOP on
-- Text input with text data transfer.
\copy uk_price_paid_bin from program 'zcat < data/prices-10k-random-1.tsv.gz';
select count(*), sum(price), sum(price) / count(*) from uk_price_paid_bin;
 count |    sum     | ?column? 
-------+------------+----------
 30000 | 6167064039 |   205568
(1 row)

-- Nonsensical settings
set timescaledb.dist_copy_transfer_format = 'binary';
set timescaledb.enable_connection_binary_data = false;
\set ON_ERROR_STOP off
\copy uk_price_paid_bin from 'prices-10k.pgbinary' with (format binary);
ERROR:  the requested binary format for COPY data transfer is disabled by the settings
\set ON_ERROR_STOP on
-- Teardown
\c :TEST_DBNAME :ROLE_CLUSTER_SUPERUSER
DROP DATABASE :DN_DBNAME_1;
DROP DATABASE :DN_DBNAME_2;
DROP DATABASE :DN_DBNAME_3;
